exports[`test component renders as expected 1`] = `
<hr
  className="fTafup" />
`;
